// Jest Snapshot v1, https://goo.gl/fbAQLP

exports[`EditLayoutLookupComponent should match snapshot 1`] = `
<div
  data-testid="mockedmember"
  id="root2"
>
  <dx-select-box
    class="mt-2 dx-validator dx-visibility-change-handler dx-show-invalid-badge dx-selectbox dx-textbox dx-texteditor dx-show-clear-button dx-dropdowneditor-button-visible dx-editor-outlined dx-texteditor-empty dx-widget dx-dropdowneditor dx-dropdowneditor-field-clickable"
    ngskiphydration="true"
  >
    <div
      class="dx-dropdowneditor-input-wrapper dx-selectbox-container"
    >
      <input
        name="mockedmember"
        type="hidden"
        value=""
      />
      <div
        class="dx-texteditor-container"
      >
        <div
          class="dx-texteditor-input-container"
        >
          <input
            aria-autocomplete="list"
            aria-expanded="false"
            aria-haspopup="listbox"
            aria-required="true"
            autocomplete="off"
            class="dx-texteditor-input"
            placeholder="Select..."
            role="combobox"
            tabindex="0"
            type="text"
          />
          <div
            class="dx-placeholder"
            data-dx_placeholder="Select..."
            id=dx-normalized-id-0
          />
        </div>
        <div
          class="dx-texteditor-buttons-container"
        >
          <span
            class="dx-clear-button-area"
          >
            <span
              class="dx-icon dx-icon-clear"
            />
          </span>
          <div
            aria-label="Select"
            class="dx-widget dx-button-normal dx-dropdowneditor-button"
            role="button"
          >
            <div
              class="dx-button-content"
            >
              
              <div
                class="dx-dropdowneditor-icon"
              />
            </div>
          </div>
        </div>
      </div>
    </div>
  </dx-select-box>
  
</div>
`;
