// Jest Snapshot v1, https://goo.gl/fbAQLP

exports[`EditLayoutJsonComponent should create 1`] = `
<ballware-edit-javascript
  destroy={[Function Destroy]}
  height="undefined"
  livecycle={[Function EditItemLivecycle]}
  options="undefined"
  readonly={[Function Readonly]}
  validation={[Function Validation]}
  value={[Function StringValue]}
  visible={[Function Visible]}
>
  <div
    class="dx-texteditor-label mt-2"
    style="position: relative;"
  >
  </div><ballware-codemirror
    mode="sqlserver"
    width="100%"
  >
    <div
      style="width: 100%; height: 300px;"
    />
  </ballware-codemirror>
</ballware-edit-javascript>
`;
