// Jest Snapshot v1, https://goo.gl/fbAQLP

exports[`EditLayoutButtonComponent should create 1`] = `
<ballware-edit-button
  destroy={[Function Destroy]}
  livecycle={[Function EditItemLivecycle]}
  readonly={[Function Readonly]}
  visible={[Function Visible]}
>
  <dx-button
    class="dx-widget dx-button dx-button-mode-contained dx-button-normal mt-2"
    role="button"
    tabindex="0"
  >
    <div
      class="dx-button-content"
    />
  </dx-button>
</ballware-edit-button>
`;
