// Jest Snapshot v1, https://goo.gl/fbAQLP

exports[`EditLayoutTextComponent should create mail 1`] = `
<ballware-edit-text
  destroy={[Function Destroy]}
  livecycle={[Function EditItemLivecycle]}
  readonly={[Function Readonly]}
  validation={[Function Validation]}
  value={[Function StringValue]}
  visible={[Function Visible]}
>
  <dx-text-box
    class="mt-2 dx-validator dx-visibility-change-handler dx-show-invalid-badge dx-textbox dx-texteditor dx-show-clear-button dx-editor-outlined dx-texteditor-empty dx-widget"
  >
    <div
      class="dx-texteditor-container"
    >
      <div
        class="dx-texteditor-input-container"
      >
        <input
          autocomplete="off"
          class="dx-texteditor-input"
          name="mockedmember"
          role="textbox"
          tabindex="0"
          type="text"
        />
        <div
          class="dx-placeholder"
          data-dx_placeholder=""
        />
      </div>
      <div
        class="dx-texteditor-buttons-container"
      >
        <span
          class="dx-clear-button-area"
        >
          <span
            class="dx-icon dx-icon-clear"
          />
        </span>
      </div>
    </div>
  </dx-text-box>
</ballware-edit-text>
`;

exports[`EditLayoutTextComponent should create text 1`] = `
<ballware-edit-text
  destroy={[Function Destroy]}
  livecycle={[Function EditItemLivecycle]}
  readonly={[Function Readonly]}
  validation={[Function Validation]}
  value={[Function StringValue]}
  visible={[Function Visible]}
>
  <dx-text-box
    class="mt-2 dx-validator dx-visibility-change-handler dx-show-invalid-badge dx-textbox dx-texteditor dx-show-clear-button dx-editor-outlined dx-texteditor-empty dx-widget"
  >
    <div
      class="dx-texteditor-container"
    >
      <div
        class="dx-texteditor-input-container"
      >
        <input
          autocomplete="off"
          class="dx-texteditor-input"
          name="mockedmember"
          role="textbox"
          tabindex="0"
          type="text"
        />
        <div
          class="dx-placeholder"
          data-dx_placeholder=""
        />
      </div>
      <div
        class="dx-texteditor-buttons-container"
      >
        <span
          class="dx-clear-button-area"
        >
          <span
            class="dx-icon dx-icon-clear"
          />
        </span>
      </div>
    </div>
  </dx-text-box>
</ballware-edit-text>
`;
