// Jest Snapshot v1, https://goo.gl/fbAQLP

exports[`EditLayoutBoolComponent should create 1`] = `
<ballware-edit-bool
  destroy={[Function Destroy]}
  livecycle={[Function EditItemLivecycle]}
  readonly={[Function Readonly]}
  validation={[Function Validation]}
  value={[Function BoolValue]}
  visible={[Function Visible]}
>
  <div
    class="dx-texteditor-label mt-2"
    style="position: relative;"
  >
  </div><dx-check-box
    aria-checked="false"
    aria-invalid="false"
    aria-readonly="false"
    class="dx-widget dx-checkbox pt-1 dx-validator dx-visibility-change-handler"
    role="checkbox"
    tabindex="0"
  >
    <input
      name="mockedmember"
      type="hidden"
      value="false"
    />
    <div
      class="dx-checkbox-container"
    >
      <span
        class="dx-checkbox-icon"
      />
    </div>
  </dx-check-box>
</ballware-edit-bool>
`;
